[Wed Jan 07 15:03:07.768533 2015] [mpm_winnt:notice] [pid 4640:tid 384] AH00455: Apache/2.4.9 (Win64) PHP/5.5.12 configured -- resuming normal operations
[Wed Jan 07 15:03:07.768533 2015] [mpm_winnt:notice] [pid 4640:tid 384] AH00456: Apache Lounge VC11 Server built: Mar 16 2014 12:42:59
[Wed Jan 07 15:03:07.768533 2015] [core:notice] [pid 4640:tid 384] AH00094: Command line: 'c:\\wamp\\bin\\apache\\apache2.4.9\\bin\\httpd.exe -d C:/wamp/bin/apache/apache2.4.9'
[Wed Jan 07 15:03:07.768533 2015] [mpm_winnt:notice] [pid 4640:tid 384] AH00418: Parent: Created child process 6960
[Wed Jan 07 15:03:08.094552 2015] [mpm_winnt:notice] [pid 6960:tid 300] AH00354: Child: Starting 64 worker threads.
[Wed Jan 07 15:11:55.602723 2015] [core:error] [pid 6960:tid 816] (20024)The given path is misformatted or contained invalid characters: [client 127.0.0.1:49681] AH00127: Cannot map GET /wordpress/wp-admin/@%1Ch%02?o=3&g=&s=&z=%EF%BF%BD%EF%BF%BD%EF%BF%BD%EF%BF%BD%EF%BF%BD%EF%BF%BD%EF%BF%BD%EF%BF%BD/%EF%BF%BD%EF%BF%BD? HTTP/1.1 to file, referer: http://localhost/wordpress/wp-admin/install.php
[Wed Jan 07 15:11:57.613838 2015] [core:error] [pid 6960:tid 800] (20024)The given path is misformatted or contained invalid characters: [client 127.0.0.1:49682] AH00127: Cannot map GET /wordpress/wp-admin/h%02?o=3&g=&s=&z=%EF%BF%BD%EF%BF%BD%EF%BF%BD%EF%BF%BD%EF%BF%BD%EF%BF%BD%EF%BF%BD%EF%BF%BD/%EF%BF%BD%EF%BF%BD? HTTP/1.1 to file, referer: http://localhost/wordpress/wp-admin/install.php?step=1
[Wed Jan 07 15:13:35.514438 2015] [core:error] [pid 6960:tid 820] (20024)The given path is misformatted or contained invalid characters: [client 127.0.0.1:49729] AH00127: Cannot map GET /wordpress/h%02?o=3&g=&s=&z=%EF%BF%BD%EF%BF%BD%EF%BF%BD%EF%BF%BD%EF%BF%BD%EF%BF%BD%EF%BF%BD%EF%BF%BD/%EF%BF%BD%EF%BF%BD? HTTP/1.1 to file, referer: http://localhost/wordpress/wp-login.php
[Wed Jan 07 15:18:21.764811 2015] [core:error] [pid 6960:tid 784] (20024)The given path is misformatted or contained invalid characters: [client 127.0.0.1:49967] AH00127: Cannot map GET /wordpress/wp-admin/%EF%BF%BD%1E?o=3&g=&s=&z=%EF%BF%BD%EF%BF%BD%EF%BF%BD%EF%BF%BD%EF%BF%BD%EF%BF%BD%EF%BF%BD%EF%BF%BD/%EF%BF%BD%EF%BF%BD? HTTP/1.1 to file, referer: http://localhost/wordpress/wp-admin/export.php
[Wed Jan 07 15:18:25.848044 2015] [core:error] [pid 6960:tid 816] (20024)The given path is misformatted or contained invalid characters: [client 127.0.0.1:49971] AH00127: Cannot map GET /wordpress/wp-admin/@%1D?o=3&g=&s=&z=%EF%BF%BD%EF%BF%BD%EF%BF%BD%EF%BF%BD%EF%BF%BD%EF%BF%BD%EF%BF%BD%EF%BF%BD/%EF%BF%BD%EF%BF%BD? HTTP/1.1 to file, referer: http://localhost/wordpress/wp-admin/import.php
[Wed Jan 07 15:18:28.813214 2015] [core:error] [pid 6960:tid 816] (20024)The given path is misformatted or contained invalid characters: [client 127.0.0.1:49971] AH00127: Cannot map GET /wordpress/wp-admin/@%1D?o=3&g=&s=&z=%EF%BF%BD%EF%BF%BD%EF%BF%BD%EF%BF%BD%EF%BF%BD%EF%BF%BD%EF%BF%BD%EF%BF%BD/%EF%BF%BD%EF%BF%BD? HTTP/1.1 to file, referer: http://localhost/wordpress/wp-admin/plugin-install.php?tab=plugin-information&plugin=wordpress-importer&from=import&
[Wed Jan 07 15:18:38.578772 2015] [core:error] [pid 6960:tid 784] (20024)The given path is misformatted or contained invalid characters: [client 127.0.0.1:49987] AH00127: Cannot map GET /wordpress/wp-admin/@%1D?o=3&g=&s=&z=%EF%BF%BD%EF%BF%BD%EF%BF%BD%EF%BF%BD%EF%BF%BD%EF%BF%BD%EF%BF%BD%EF%BF%BD/%EF%BF%BD%EF%BF%BD? HTTP/1.1 to file, referer: http://localhost/wordpress/wp-admin/update.php?action=install-plugin&plugin=wordpress-importer&_wpnonce=0c0ad3490d&from=import
[Wed Jan 07 15:18:42.973024 2015] [core:error] [pid 6960:tid 816] (20024)The given path is misformatted or contained invalid characters: [client 127.0.0.1:49996] AH00127: Cannot map GET /wordpress/wp-admin/%EF%BF%BD%1E?o=3&g=&s=&z=%EF%BF%BD%EF%BF%BD%EF%BF%BD%EF%BF%BD%EF%BF%BD%EF%BF%BD%EF%BF%BD%EF%BF%BD/%EF%BF%BD%EF%BF%BD? HTTP/1.1 to file, referer: http://localhost/wordpress/wp-admin/import.php?import=wordpress
[Wed Jan 07 15:19:25.473455 2015] [core:error] [pid 6960:tid 800] (20024)The given path is misformatted or contained invalid characters: [client 127.0.0.1:50012] AH00127: Cannot map GET /wordpress/wp-admin/+n%02?o=3&g=&s=&z=%EF%BF%BD%EF%BF%BD%EF%BF%BD%EF%BF%BD%EF%BF%BD%EF%BF%BD%EF%BF%BD%EF%BF%BD/%EF%BF%BD%EF%BF%BD? HTTP/1.1 to file, referer: http://localhost/wordpress/wp-admin/tools.php
[Wed Jan 07 15:19:27.817589 2015] [core:error] [pid 6960:tid 800] (20024)The given path is misformatted or contained invalid characters: [client 127.0.0.1:50012] AH00127: Cannot map GET /wordpress/wp-admin/+n%02?o=3&g=&s=&z=%EF%BF%BD%EF%BF%BD%EF%BF%BD%EF%BF%BD%EF%BF%BD%EF%BF%BD%EF%BF%BD%EF%BF%BD/%EF%BF%BD%EF%BF%BD? HTTP/1.1 to file, referer: http://localhost/wordpress/wp-admin/users.php
[Wed Jan 07 15:19:28.367620 2015] [core:error] [pid 6960:tid 800] (20024)The given path is misformatted or contained invalid characters: [client 127.0.0.1:50012] AH00127: Cannot map GET /wordpress/wp-admin/+n%02?o=3&g=&s=&z=%EF%BF%BD%EF%BF%BD%EF%BF%BD%EF%BF%BD%EF%BF%BD%EF%BF%BD%EF%BF%BD%EF%BF%BD/%EF%BF%BD%EF%BF%BD? HTTP/1.1 to file, referer: http://localhost/wordpress/wp-admin/upload.php
[Wed Jan 07 15:19:30.880764 2015] [core:error] [pid 6960:tid 800] (20024)The given path is misformatted or contained invalid characters: [client 127.0.0.1:50012] AH00127: Cannot map GET /wordpress/wp-admin/+n%02?o=3&g=&s=&z=%EF%BF%BD%EF%BF%BD%EF%BF%BD%EF%BF%BD%EF%BF%BD%EF%BF%BD%EF%BF%BD%EF%BF%BD/%EF%BF%BD%EF%BF%BD? HTTP/1.1 to file, referer: http://localhost/wordpress/wp-admin/edit.php
[Wed Jan 07 15:19:34.040945 2015] [core:error] [pid 6960:tid 800] (20024)The given path is misformatted or contained invalid characters: [client 127.0.0.1:50012] AH00127: Cannot map GET /wordpress/wp-admin/+n%02?o=3&g=&s=&z=%EF%BF%BD%EF%BF%BD%EF%BF%BD%EF%BF%BD%EF%BF%BD%EF%BF%BD%EF%BF%BD%EF%BF%BD/%EF%BF%BD%EF%BF%BD? HTTP/1.1 to file, referer: http://localhost/wordpress/wp-admin/tools.php
[Wed Jan 07 15:19:35.528030 2015] [core:error] [pid 6960:tid 800] (20024)The given path is misformatted or contained invalid characters: [client 127.0.0.1:50012] AH00127: Cannot map GET /wordpress/wp-admin/+n%02?o=3&g=&s=&z=%EF%BF%BD%EF%BF%BD%EF%BF%BD%EF%BF%BD%EF%BF%BD%EF%BF%BD%EF%BF%BD%EF%BF%BD/%EF%BF%BD%EF%BF%BD? HTTP/1.1 to file, referer: http://localhost/wordpress/wp-admin/import.php
[Wed Jan 07 15:19:42.338419 2015] [core:error] [pid 6960:tid 800] (20024)The given path is misformatted or contained invalid characters: [client 127.0.0.1:50026] AH00127: Cannot map GET /wordpress/wp-admin/%EF%BF%BD+n%02?o=3&g=&s=&z=%EF%BF%BD%EF%BF%BD%EF%BF%BD%EF%BF%BD%EF%BF%BD%EF%BF%BD%EF%BF%BD%EF%BF%BD/%EF%BF%BD%EF%BF%BD? HTTP/1.1 to file, referer: http://localhost/wordpress/wp-admin/admin.php?import=wordpress
[Wed Jan 07 15:21:24.629270 2015] [core:error] [pid 6960:tid 800] (20024)The given path is misformatted or contained invalid characters: [client 127.0.0.1:50037] AH00127: Cannot map GET /wordpress/wp-admin/gn%02?o=3&g=&s=&z=%EF%BF%BD%EF%BF%BD%EF%BF%BD%EF%BF%BD%EF%BF%BD%EF%BF%BD%EF%BF%BD%EF%BF%BD/%EF%BF%BD%EF%BF%BD? HTTP/1.1 to file, referer: http://localhost/wordpress/wp-admin/admin.php?import=wordpress&step=1&_wpnonce=84af315b43
[Wed Jan 07 15:21:39.268107 2015] [core:error] [pid 6960:tid 800] (20024)The given path is misformatted or contained invalid characters: [client 127.0.0.1:50037] AH00127: Cannot map GET /wordpress/wp-admin/gn%02?o=3&g=&s=&z=%EF%BF%BD%EF%BF%BD%EF%BF%BD%EF%BF%BD%EF%BF%BD%EF%BF%BD%EF%BF%BD%EF%BF%BD/%EF%BF%BD%EF%BF%BD? HTTP/1.1 to file, referer: http://localhost/wordpress/wp-admin/admin.php?import=wordpress&step=2
[Wed Jan 07 15:29:31.629125 2015] [core:error] [pid 6960:tid 776] (20024)The given path is misformatted or contained invalid characters: [client 127.0.0.1:50267] AH00127: Cannot map GET /wordpress/wp-admin/%EF%BF%BD%19h%02?o=3&g=&s=&z=%EF%BF%BD%EF%BF%BD%EF%BF%BD%EF%BF%BD%EF%BF%BD%EF%BF%BD%EF%BF%BD%EF%BF%BD/%EF%BF%BD%EF%BF%BD? HTTP/1.1 to file, referer: http://localhost/wordpress/wp-admin/users.php
[Wed Jan 07 15:31:55.286341 2015] [core:error] [pid 6960:tid 776] (20024)The given path is misformatted or contained invalid characters: [client 127.0.0.1:50411] AH00127: Cannot map GET /wordpress/wp-admin/%EF%BF%BD0v%02?o=3&g=&s=&z=%EF%BF%BD%EF%BF%BD%EF%BF%BD%EF%BF%BD%EF%BF%BD%EF%BF%BD%EF%BF%BD%EF%BF%BD/%EF%BF%BD%EF%BF%BD? HTTP/1.1 to file, referer: http://localhost/wordpress/wp-admin/index.php
[Wed Jan 07 21:00:11.210031 2015] [core:error] [pid 6960:tid 808] (20024)The given path is misformatted or contained invalid characters: [client 127.0.0.1:56491] AH00127: Cannot map GET /wordpress/%EF%BF%BD3n%02?o=3&g=&s=&z=%EF%BF%BD%EF%BF%BD%EF%BF%BD%EF%BF%BD%EF%BF%BD%EF%BF%BD%EF%BF%BD%EF%BF%BD/%EF%BF%BD%EF%BF%BD? HTTP/1.1 to file, referer: http://localhost/wordpress/
[Wed Jan 07 21:00:16.737347 2015] [core:error] [pid 6960:tid 776] (20024)The given path is misformatted or contained invalid characters: [client 127.0.0.1:56492] AH00127: Cannot map GET /wordpress/@1n%02?o=3&g=&s=&z=%EF%BF%BD%EF%BF%BD%EF%BF%BD%EF%BF%BD%EF%BF%BD%EF%BF%BD%EF%BF%BD%EF%BF%BD/%EF%BF%BD%EF%BF%BD? HTTP/1.1 to file, referer: http://localhost/wordpress/
[Wed Jan 07 21:00:19.011477 2015] [core:error] [pid 6960:tid 776] (20024)The given path is misformatted or contained invalid characters: [client 127.0.0.1:56492] AH00127: Cannot map GET /wordpress/@1n%02?o=3&g=&s=&z=%EF%BF%BD%EF%BF%BD%EF%BF%BD%EF%BF%BD%EF%BF%BD%EF%BF%BD%EF%BF%BD%EF%BF%BD/%EF%BF%BD%EF%BF%BD? HTTP/1.1 to file, referer: http://localhost/wordpress/
[Wed Jan 07 21:00:27.711975 2015] [core:error] [pid 6960:tid 776] (20024)The given path is misformatted or contained invalid characters: [client 127.0.0.1:56509] AH00127: Cannot map GET /wordpress/@1n%02?o=3&g=&s=&z=%EF%BF%BD%EF%BF%BD%EF%BF%BD%EF%BF%BD%EF%BF%BD%EF%BF%BD%EF%BF%BD%EF%BF%BD/%EF%BF%BD%EF%BF%BD? HTTP/1.1 to file, referer: http://localhost/wordpress/?cat=2
[Wed Jan 07 21:00:31.690202 2015] [core:error] [pid 6960:tid 776] (20024)The given path is misformatted or contained invalid characters: [client 127.0.0.1:56509] AH00127: Cannot map GET /wordpress/@1n%02?o=3&g=&s=&z=%EF%BF%BD%EF%BF%BD%EF%BF%BD%EF%BF%BD%EF%BF%BD%EF%BF%BD%EF%BF%BD%EF%BF%BD/%EF%BF%BD%EF%BF%BD? HTTP/1.1 to file, referer: http://localhost/wordpress/?p=15
[Wed Jan 07 21:00:43.717890 2015] [core:error] [pid 6960:tid 776] (20024)The given path is misformatted or contained invalid characters: [client 127.0.0.1:56517] AH00127: Cannot map GET /wordpress/wp-admin/P3n%02?o=3&g=&s=&z=%EF%BF%BD%EF%BF%BD%EF%BF%BD%EF%BF%BD%EF%BF%BD%EF%BF%BD%EF%BF%BD%EF%BF%BD/%EF%BF%BD%EF%BF%BD? HTTP/1.1 to file, referer: http://localhost/wordpress/wp-admin/
[Wed Jan 07 21:13:35.416029 2015] [core:error] [pid 6960:tid 792] (20024)The given path is misformatted or contained invalid characters: [client 127.0.0.1:57057] AH00127: Cannot map GET /%EF%BF%BD%02?o=3&g=&s=&z=%EF%BF%BD%EF%BF%BD%EF%BF%BD%EF%BF%BD%EF%BF%BD%EF%BF%BD%EF%BF%BD%EF%BF%BD/%EF%BF%BD%EF%BF%BD? HTTP/1.1 to file, referer: http://localhost/wordpress/wp-admin/edit.php
[Wed Jan 07 21:13:37.805165 2015] [core:error] [pid 6960:tid 808] (20024)The given path is misformatted or contained invalid characters: [client 127.0.0.1:57060] AH00127: Cannot map GET /wordpress/wp-admin/p9%EF%BF%BD%02?o=3&g=&s=&z=%EF%BF%BD%EF%BF%BD%EF%BF%BD%EF%BF%BD%EF%BF%BD%EF%BF%BD%EF%BF%BD%EF%BF%BD/%EF%BF%BD%EF%BF%BD? HTTP/1.1 to file, referer: http://localhost/wordpress/wp-admin/post.php?post=15&action=edit
[Wed Jan 07 23:15:31.058460 2015] [core:error] [pid 6960:tid 784] (20024)The given path is misformatted or contained invalid characters: [client 127.0.0.1:55704] AH00127: Cannot map GET /wordpress/wp-admin/%EF%BF%BD%13%EF%BF%BD%02?o=3&g=&s=&z=%EF%BF%BD%EF%BF%BD%EF%BF%BD%EF%BF%BD%EF%BF%BD%EF%BF%BD%EF%BF%BD%EF%BF%BD/%EF%BF%BD%EF%BF%BD? HTTP/1.1 to file, referer: http://localhost/wordpress/wp-admin/edit.php
[Wed Jan 07 23:15:33.636607 2015] [core:error] [pid 6960:tid 800] (20024)The given path is misformatted or contained invalid characters: [client 127.0.0.1:55711] AH00127: Cannot map GET /wordpress/wp-admin/%EF%BF%BD%1F%EF%BF%BD%02?o=3&g=&s=&z=%EF%BF%BD%EF%BF%BD%EF%BF%BD%EF%BF%BD%EF%BF%BD%EF%BF%BD%EF%BF%BD%EF%BF%BD/%EF%BF%BD%EF%BF%BD? HTTP/1.1 to file, referer: http://localhost/wordpress/wp-admin/post.php?post=1&action=edit
[Wed Jan 07 23:16:28.477744 2015] [core:error] [pid 6960:tid 800] (20024)The given path is misformatted or contained invalid characters: [client 127.0.0.1:55720] AH00127: Cannot map GET /wordpress/%EF%BF%BDHv%02?o=3&g=&s=&z=%EF%BF%BD%EF%BF%BD%EF%BF%BD%EF%BF%BD%EF%BF%BD%EF%BF%BD%EF%BF%BD%EF%BF%BD/%EF%BF%BD%EF%BF%BD? HTTP/1.1 to file, referer: http://localhost/wordpress/?p=1&preview=true&preview_id=1&preview_nonce=a8785eb310&post_format=standard
[Wed Jan 07 23:17:02.970717 2015] [core:error] [pid 6960:tid 808] (20024)The given path is misformatted or contained invalid characters: [client 127.0.0.1:55737] AH00127: Cannot map GET /wordpress/wp-admin/%EF%BF%BDJv%02?o=3&g=&s=&z=%EF%BF%BD%EF%BF%BD%EF%BF%BD%EF%BF%BD%EF%BF%BD%EF%BF%BD%EF%BF%BD%EF%BF%BD/%EF%BF%BD%EF%BF%BD? HTTP/1.1 to file, referer: http://localhost/wordpress/wp-admin/post.php?post=1&action=edit&message=1
[Wed Jan 07 23:17:08.887055 2015] [core:error] [pid 6960:tid 816] (20024)The given path is misformatted or contained invalid characters: [client 127.0.0.1:55745] AH00127: Cannot map GET /wordpress/wp-admin/0$%EF%BF%BD%02?o=3&g=&s=&z=%EF%BF%BD%EF%BF%BD%EF%BF%BD%EF%BF%BD%EF%BF%BD%EF%BF%BD%EF%BF%BD%EF%BF%BD/%EF%BF%BD%EF%BF%BD? HTTP/1.1 to file, referer: http://localhost/wordpress/wp-admin/edit.php
[Wed Jan 07 23:17:09.912114 2015] [core:error] [pid 6960:tid 816] (20024)The given path is misformatted or contained invalid characters: [client 127.0.0.1:55745] AH00127: Cannot map GET /wordpress/wp-admin/0$%EF%BF%BD%02?o=3&g=&s=&z=%EF%BF%BD%EF%BF%BD%EF%BF%BD%EF%BF%BD%EF%BF%BD%EF%BF%BD%EF%BF%BD%EF%BF%BD/%EF%BF%BD%EF%BF%BD? HTTP/1.1 to file, referer: http://localhost/wordpress/wp-admin/edit.php
[Wed Jan 07 23:17:11.701216 2015] [core:error] [pid 6960:tid 816] (20024)The given path is misformatted or contained invalid characters: [client 127.0.0.1:55745] AH00127: Cannot map GET /wordpress/wp-admin/0$%EF%BF%BD%02?o=3&g=&s=&z=%EF%BF%BD%EF%BF%BD%EF%BF%BD%EF%BF%BD%EF%BF%BD%EF%BF%BD%EF%BF%BD%EF%BF%BD/%EF%BF%BD%EF%BF%BD? HTTP/1.1 to file, referer: http://localhost/wordpress/wp-admin/edit.php
[Wed Jan 07 23:17:13.904342 2015] [core:error] [pid 6960:tid 816] (20024)The given path is misformatted or contained invalid characters: [client 127.0.0.1:55745] AH00127: Cannot map GET /wordpress/wp-admin/0$%EF%BF%BD%02?o=3&g=&s=&z=%EF%BF%BD%EF%BF%BD%EF%BF%BD%EF%BF%BD%EF%BF%BD%EF%BF%BD%EF%BF%BD%EF%BF%BD/%EF%BF%BD%EF%BF%BD? HTTP/1.1 to file, referer: http://localhost/wordpress/wp-admin/post-new.php
[Wed Jan 07 23:18:01.932089 2015] [core:error] [pid 6960:tid 784] (20024)The given path is misformatted or contained invalid characters: [client 127.0.0.1:55786] AH00127: Cannot map GET /wordpress/%EF%BF%BD$%EF%BF%BD%02?o=3&g=&s=&z=%EF%BF%BD%EF%BF%BD%EF%BF%BD%EF%BF%BD%EF%BF%BD%EF%BF%BD%EF%BF%BD%EF%BF%BD/%EF%BF%BD%EF%BF%BD? HTTP/1.1 to file, referer: http://localhost/wordpress/?p=1&preview=true&preview_id=1&preview_nonce=a8785eb310&post_format=standard
[Wed Jan 07 23:21:01.206343 2015] [core:error] [pid 6960:tid 784] (20024)The given path is misformatted or contained invalid characters: [client 127.0.0.1:55908] AH00127: Cannot map GET /wordpress/wp-admin/%EF%BF%BD'%EF%BF%BD%02?o=3&g=&s=&z=%EF%BF%BD%EF%BF%BD%EF%BF%BD%EF%BF%BD%EF%BF%BD%EF%BF%BD%EF%BF%BD%EF%BF%BD/%EF%BF%BD%EF%BF%BD? HTTP/1.1 to file, referer: http://localhost/wordpress/wp-admin/post.php?post=1&action=edit&message=1
[Wed Jan 07 23:21:13.366038 2015] [core:error] [pid 6960:tid 816] (20024)The given path is misformatted or contained invalid characters: [client 127.0.0.1:55928] AH00127: Cannot map GET /wordpress/%EF%BF%BD%02?o=3&g=&s=&z=%EF%BF%BD%EF%BF%BD%EF%BF%BD%EF%BF%BD%EF%BF%BD%EF%BF%BD%EF%BF%BD%EF%BF%BD/%EF%BF%BD%EF%BF%BD? HTTP/1.1 to file, referer: http://localhost/wordpress/?p=1&preview=true&preview_id=1&preview_nonce=a8785eb310&post_format=standard
[Wed Jan 07 23:21:33.681200 2015] [core:error] [pid 6960:tid 816] (20024)The given path is misformatted or contained invalid characters: [client 127.0.0.1:55933] AH00127: Cannot map GET /wordpress/wp-admin/%EF%BF%BD%1F%EF%BF%BD%02?o=3&g=&s=&z=%EF%BF%BD%EF%BF%BD%EF%BF%BD%EF%BF%BD%EF%BF%BD%EF%BF%BD%EF%BF%BD%EF%BF%BD/%EF%BF%BD%EF%BF%BD? HTTP/1.1 to file, referer: http://localhost/wordpress/wp-admin/customize.php?return=%2Fwordpress%2Fwp-admin%2Fpost.php%3Fpost%3D1%26action%3Dedit%26message%3D1
[Wed Jan 07 23:21:34.541250 2015] [core:error] [pid 6960:tid 776] (20024)The given path is misformatted or contained invalid characters: [client 127.0.0.1:55938] AH00127: Cannot map GET /wordpress/wp-admin/%EF%BF%BD'%EF%BF%BD%02?o=3&g=&s=&z=%EF%BF%BD%EF%BF%BD%EF%BF%BD%EF%BF%BD%EF%BF%BD%EF%BF%BD%EF%BF%BD%EF%BF%BD/%EF%BF%BD%EF%BF%BD? HTTP/1.1 to file, referer: http://localhost/wordpress/wp-admin/customize.php?return=%2Fwordpress%2Fwp-admin%2Fpost.php%3Fpost%3D1%26action%3Dedit%26message%3D1
[Wed Jan 07 23:21:52.097254 2015] [core:error] [pid 6960:tid 808] (20024)The given path is misformatted or contained invalid characters: [client 127.0.0.1:55944] AH00127: Cannot map GET /wordpress/wp-admin/%EF%BF%BD'%EF%BF%BD%02?o=3&g=&s=&z=%EF%BF%BD%EF%BF%BD%EF%BF%BD%EF%BF%BD%EF%BF%BD%EF%BF%BD%EF%BF%BD%EF%BF%BD/%EF%BF%BD%EF%BF%BD? HTTP/1.1 to file, referer: http://localhost/wordpress/wp-admin/customize.php?return=%2Fwordpress%2Fwp-admin%2Fpost.php%3Fpost%3D1%26action%3Dedit%26message%3D1
[Wed Jan 07 23:21:52.681287 2015] [core:error] [pid 6960:tid 808] (20024)The given path is misformatted or contained invalid characters: [client 127.0.0.1:55944] AH00127: Cannot map GET /wordpress/wp-admin/%EF%BF%BD'%EF%BF%BD%02?o=3&g=&s=&z=%EF%BF%BD%EF%BF%BD%EF%BF%BD%EF%BF%BD%EF%BF%BD%EF%BF%BD%EF%BF%BD%EF%BF%BD/%EF%BF%BD%EF%BF%BD? HTTP/1.1 to file, referer: http://localhost/wordpress/wp-admin/customize.php?return=%2Fwordpress%2Fwp-admin%2Fpost.php%3Fpost%3D1%26action%3Dedit%26message%3D1
[Wed Jan 07 23:22:51.478650 2015] [core:error] [pid 6960:tid 792] (20024)The given path is misformatted or contained invalid characters: [client 127.0.0.1:55954] AH00127: Cannot map GET /wordpress/wp-admin/%EF%BF%BD9%EF%BF%BD%02?o=3&g=&s=&z=%EF%BF%BD%EF%BF%BD%EF%BF%BD%EF%BF%BD%EF%BF%BD%EF%BF%BD%EF%BF%BD%EF%BF%BD/%EF%BF%BD%EF%BF%BD? HTTP/1.1 to file, referer: http://localhost/wordpress/wp-admin/customize.php?return=%2Fwordpress%2Fwp-admin%2Fpost.php%3Fpost%3D1%26action%3Dedit%26message%3D1
[Wed Jan 07 23:22:58.006023 2015] [core:error] [pid 6960:tid 792] (20024)The given path is misformatted or contained invalid characters: [client 127.0.0.1:55957] AH00127: Cannot map GET /wordpress/wp-admin/%EF%BF%BDA%EF%BF%BD%02?o=3&g=&s=&z=%EF%BF%BD%EF%BF%BD%EF%BF%BD%EF%BF%BD%EF%BF%BD%EF%BF%BD%EF%BF%BD%EF%BF%BD/%EF%BF%BD%EF%BF%BD? HTTP/1.1 to file, referer: http://localhost/wordpress/wp-admin/customize.php?return=%2Fwordpress%2Fwp-admin%2Fpost.php%3Fpost%3D1%26action%3Dedit%26message%3D1
[Wed Jan 07 23:22:58.577056 2015] [core:error] [pid 6960:tid 808] (20024)The given path is misformatted or contained invalid characters: [client 127.0.0.1:55960] AH00127: Cannot map GET /wordpress/wp-admin/%EF%BF%BD7%EF%BF%BD%02?o=3&g=&s=&z=%EF%BF%BD%EF%BF%BD%EF%BF%BD%EF%BF%BD%EF%BF%BD%EF%BF%BD%EF%BF%BD%EF%BF%BD/%EF%BF%BD%EF%BF%BD? HTTP/1.1 to file, referer: http://localhost/wordpress/wp-admin/customize.php?return=%2Fwordpress%2Fwp-admin%2Fpost.php%3Fpost%3D1%26action%3Dedit%26message%3D1
[Wed Jan 07 23:23:01.479222 2015] [core:error] [pid 6960:tid 808] (20024)The given path is misformatted or contained invalid characters: [client 127.0.0.1:55960] AH00127: Cannot map GET /wordpress/wp-admin/%EF%BF%BD7%EF%BF%BD%02?o=3&g=&s=&z=%EF%BF%BD%EF%BF%BD%EF%BF%BD%EF%BF%BD%EF%BF%BD%EF%BF%BD%EF%BF%BD%EF%BF%BD/%EF%BF%BD%EF%BF%BD? HTTP/1.1 to file, referer: http://localhost/wordpress/wp-admin/customize.php?return=%2Fwordpress%2Fwp-admin%2Fpost.php%3Fpost%3D1%26action%3Dedit%26message%3D1
[Wed Jan 07 23:24:27.243128 2015] [core:error] [pid 6960:tid 808] (20024)The given path is misformatted or contained invalid characters: [client 127.0.0.1:55972] AH00127: Cannot map GET /wordpress/wp-admin/%EF%BF%BD%02?o=3&g=&s=&z=%EF%BF%BD%EF%BF%BD%EF%BF%BD%EF%BF%BD%EF%BF%BD%EF%BF%BD%EF%BF%BD%EF%BF%BD/%EF%BF%BD%EF%BF%BD? HTTP/1.1 to file, referer: http://localhost/wordpress/wp-admin/post.php?post=1&action=edit&message=1
[Wed Jan 07 23:25:16.427941 2015] [core:error] [pid 6960:tid 800] (20024)The given path is misformatted or contained invalid characters: [client 127.0.0.1:56010] AH00127: Cannot map GET /wordpress/wp-admin/+%EF%BF%BD%02?o=3&g=&s=&z=%EF%BF%BD%EF%BF%BD%EF%BF%BD%EF%BF%BD%EF%BF%BD%EF%BF%BD%EF%BF%BD%EF%BF%BD/%EF%BF%BD%EF%BF%BD? HTTP/1.1 to file, referer: http://localhost/wordpress/wp-admin/theme-install.php
[Wed Jan 07 23:25:27.080550 2015] [core:error] [pid 6960:tid 800] (20024)The given path is misformatted or contained invalid characters: [client 127.0.0.1:56010] AH00127: Cannot map GET /wordpress/wp-admin/+%EF%BF%BD%02?o=3&g=&s=&z=%EF%BF%BD%EF%BF%BD%EF%BF%BD%EF%BF%BD%EF%BF%BD%EF%BF%BD%EF%BF%BD%EF%BF%BD/%EF%BF%BD%EF%BF%BD? HTTP/1.1 to file, referer: http://localhost/wordpress/wp-admin/update.php?action=install-theme&theme=catch-kathmandu&_wpnonce=21861a5b97
[Wed Jan 07 23:25:44.668556 2015] [core:error] [pid 6960:tid 808] (20024)The given path is misformatted or contained invalid characters: [client 127.0.0.1:56034] AH00127: Cannot map GET /wordpress/wp-admin/%60!%EF%BF%BD%02?o=3&g=&s=&z=%EF%BF%BD%EF%BF%BD%EF%BF%BD%EF%BF%BD%EF%BF%BD%EF%BF%BD%EF%BF%BD%EF%BF%BD/%EF%BF%BD%EF%BF%BD? HTTP/1.1 to file, referer: http://localhost/wordpress/wp-admin/customize.php?theme=catch-kathmandu
[Wed Jan 07 23:25:51.536949 2015] [core:error] [pid 6960:tid 784] (20025)The given path contained wildcard characters: [client 127.0.0.1:56050] AH00036: access to /wordpress/wp-admin/\xef\xbf\xbd*\xef\xbf\xbd\x02 failed (filesystem path 'C:/wamp/www/wordpress/wp-admin/\xef\xbf\xbd*\xef\xbf\xbd\x02'), referer: http://localhost/wordpress/wp-admin/themes.php?activated=true&previewed
[Wed Jan 07 23:25:56.008205 2015] [core:error] [pid 6960:tid 784] (20025)The given path contained wildcard characters: [client 127.0.0.1:56050] AH00036: access to /wordpress/wp-admin/\xef\xbf\xbd*\xef\xbf\xbd\x02 failed (filesystem path 'C:/wamp/www/wordpress/wp-admin/\xef\xbf\xbd*\xef\xbf\xbd\x02'), referer: http://localhost/wordpress/wp-admin/customize.php?theme=catch-kathmandu
[Wed Jan 07 23:26:05.057722 2015] [core:error] [pid 6960:tid 816] (20024)The given path is misformatted or contained invalid characters: [client 127.0.0.1:56069] AH00127: Cannot map GET /wordpress/%EF%BF%BD%1C%EF%BF%BD%02?o=3&g=&s=&z=%EF%BF%BD%EF%BF%BD%EF%BF%BD%EF%BF%BD%EF%BF%BD%EF%BF%BD%EF%BF%BD%EF%BF%BD/%EF%BF%BD%EF%BF%BD? HTTP/1.1 to file, referer: http://localhost/wordpress/?p=1&preview=true&preview_id=1&preview_nonce=a8785eb310&post_format=standard
[Wed Jan 07 23:27:10.677475 2015] [core:error] [pid 6960:tid 816] (20024)The given path is misformatted or contained invalid characters: [client 127.0.0.1:56141] AH00127: Cannot map GET /wordpress/wp-admin/B%EF%BF%BD%02?o=3&g=&s=&z=%EF%BF%BD%EF%BF%BD%EF%BF%BD%EF%BF%BD%EF%BF%BD%EF%BF%BD%EF%BF%BD%EF%BF%BD/%EF%BF%BD%EF%BF%BD? HTTP/1.1 to file, referer: http://localhost/wordpress/wp-admin/themes.php?activated=true
[Wed Jan 07 23:27:19.453977 2015] [core:error] [pid 6960:tid 808] (20024)The given path is misformatted or contained invalid characters: [client 127.0.0.1:56149] AH00127: Cannot map GET /wordpress/wp-admin/@4%EF%BF%BD%02?o=3&g=&s=&z=%EF%BF%BD%EF%BF%BD%EF%BF%BD%EF%BF%BD%EF%BF%BD%EF%BF%BD%EF%BF%BD%EF%BF%BD/%EF%BF%BD%EF%BF%BD? HTTP/1.1 to file, referer: http://localhost/wordpress/wp-admin/
[Wed Jan 07 23:27:22.808169 2015] [core:error] [pid 6960:tid 792] (20024)The given path is misformatted or contained invalid characters: [client 127.0.0.1:56154] AH00127: Cannot map GET /wordpress/wp-admin/%EF%BF%BD3%EF%BF%BD%02?o=3&g=&s=&z=%EF%BF%BD%EF%BF%BD%EF%BF%BD%EF%BF%BD%EF%BF%BD%EF%BF%BD%EF%BF%BD%EF%BF%BD/%EF%BF%BD%EF%BF%BD? HTTP/1.1 to file, referer: http://localhost/wordpress/wp-admin/themes.php
[Wed Jan 07 23:27:26.409375 2015] [core:error] [pid 6960:tid 808] (20024)The given path is misformatted or contained invalid characters: [client 127.0.0.1:56149] AH00127: Cannot map GET /wordpress/wp-admin/@4%EF%BF%BD%02?o=3&g=&s=&z=%EF%BF%BD%EF%BF%BD%EF%BF%BD%EF%BF%BD%EF%BF%BD%EF%BF%BD%EF%BF%BD%EF%BF%BD/%EF%BF%BD%EF%BF%BD? HTTP/1.1 to file, referer: http://localhost/wordpress/wp-admin/customize.php?theme=twentyfifteen
[Wed Jan 07 23:27:27.179419 2015] [core:error] [pid 6960:tid 808] (20024)The given path is misformatted or contained invalid characters: [client 127.0.0.1:56149] AH00127: Cannot map GET /wordpress/wp-admin/@4%EF%BF%BD%02?o=3&g=&s=&z=%EF%BF%BD%EF%BF%BD%EF%BF%BD%EF%BF%BD%EF%BF%BD%EF%BF%BD%EF%BF%BD%EF%BF%BD/%EF%BF%BD%EF%BF%BD? HTTP/1.1 to file, referer: http://localhost/wordpress/wp-admin/customize.php?theme=twentyfifteen
[Wed Jan 07 23:28:04.193536 2015] [core:error] [pid 6960:tid 792] (20024)The given path is misformatted or contained invalid characters: [client 127.0.0.1:56163] AH00127: Cannot map GET /wordpress/wp-admin/%EF%BF%BD%02?o=3&g=&s=&z=%EF%BF%BD%EF%BF%BD%EF%BF%BD%EF%BF%BD%EF%BF%BD%EF%BF%BD%EF%BF%BD%EF%BF%BD/%EF%BF%BD%EF%BF%BD? HTTP/1.1 to file, referer: http://localhost/wordpress/wp-admin/customize.php?theme=twentyfifteen
[Wed Jan 07 23:29:21.162939 2015] [core:error] [pid 6960:tid 776] (20024)The given path is misformatted or contained invalid characters: [client 127.0.0.1:56188] AH00127: Cannot map GET /wordpress/wp-admin/%EF%BF%BD4%EF%BF%BD%02?o=3&g=&s=&z=%EF%BF%BD%EF%BF%BD%EF%BF%BD%EF%BF%BD%EF%BF%BD%EF%BF%BD%EF%BF%BD%EF%BF%BD/%EF%BF%BD%EF%BF%BD? HTTP/1.1 to file, referer: http://localhost/wordpress/wp-admin/theme-editor.php
[Wed Jan 07 23:30:03.419356 2015] [core:error] [pid 6960:tid 776] (20024)The given path is misformatted or contained invalid characters: [client 127.0.0.1:56202] AH00127: Cannot map GET /wordpress/wp-admin/0$%EF%BF%BD%02?o=3&g=&s=&z=%EF%BF%BD%EF%BF%BD%EF%BF%BD%EF%BF%BD%EF%BF%BD%EF%BF%BD%EF%BF%BD%EF%BF%BD/%EF%BF%BD%EF%BF%BD? HTTP/1.1 to file, referer: http://localhost/wordpress/wp-admin/edit.php
[Wed Jan 07 23:30:06.081508 2015] [core:error] [pid 6960:tid 776] (20024)The given path is misformatted or contained invalid characters: [client 127.0.0.1:56202] AH00127: Cannot map GET /wordpress/0$%EF%BF%BD%02?o=3&g=&s=&z=%EF%BF%BD%EF%BF%BD%EF%BF%BD%EF%BF%BD%EF%BF%BD%EF%BF%BD%EF%BF%BD%EF%BF%BD/%EF%BF%BD%EF%BF%BD? HTTP/1.1 to file, referer: http://localhost/wordpress/?p=1
[Wed Jan 07 23:34:22.870195 2015] [core:error] [pid 6960:tid 776] (20024)The given path is misformatted or contained invalid characters: [client 127.0.0.1:56346] AH00127: Cannot map GET /wordpress/05%EF%BF%BD%02?o=3&g=&s=&z=%EF%BF%BD%EF%BF%BD%EF%BF%BD%EF%BF%BD%EF%BF%BD%EF%BF%BD%EF%BF%BD%EF%BF%BD/%EF%BF%BD%EF%BF%BD? HTTP/1.1 to file, referer: http://localhost/wordpress/
[Wed Jan 07 23:34:23.834251 2015] [core:error] [pid 6960:tid 776] (20024)The given path is misformatted or contained invalid characters: [client 127.0.0.1:56346] AH00127: Cannot map GET /05%C3%AD%02?o=3&g=&s=&z=%FE%FF%FF%FF%FF%FF%FF%FF/%D4%F6? HTTP/1.1 to file, referer: http://localhost/wprd[[ress
[Wed Jan 07 23:34:36.346966 2015] [core:error] [pid 6960:tid 800] (20024)The given path is misformatted or contained invalid characters: [client 127.0.0.1:56354] AH00127: Cannot map GET /wordpress/wp-admin/%EF%BF%BD3%EF%BF%BD%02?o=3&g=&s=&z=%EF%BF%BD%EF%BF%BD%EF%BF%BD%EF%BF%BD%EF%BF%BD%EF%BF%BD%EF%BF%BD%EF%BF%BD/%EF%BF%BD%EF%BF%BD? HTTP/1.1 to file, referer: http://localhost/wordpress/wp-admin/
[Wed Jan 07 23:34:38.491089 2015] [core:error] [pid 6960:tid 800] (20024)The given path is misformatted or contained invalid characters: [client 127.0.0.1:56354] AH00127: Cannot map GET /wordpress/wp-admin/%EF%BF%BD3%EF%BF%BD%02?o=3&g=&s=&z=%EF%BF%BD%EF%BF%BD%EF%BF%BD%EF%BF%BD%EF%BF%BD%EF%BF%BD%EF%BF%BD%EF%BF%BD/%EF%BF%BD%EF%BF%BD? HTTP/1.1 to file, referer: http://localhost/wordpress/wp-admin/plugins.php
[Wed Jan 07 23:34:42.922342 2015] [core:error] [pid 6960:tid 808] (20024)The given path is misformatted or contained invalid characters: [client 127.0.0.1:56355] AH00127: Cannot map GET /wordpress/wp-admin/P6%EF%BF%BD%02?o=3&g=&s=&z=%EF%BF%BD%EF%BF%BD%EF%BF%BD%EF%BF%BD%EF%BF%BD%EF%BF%BD%EF%BF%BD%EF%BF%BD/%EF%BF%BD%EF%BF%BD? HTTP/1.1 to file, referer: http://localhost/wordpress/wp-admin/plugin-install.php
[Wed Jan 07 23:34:55.268048 2015] [core:error] [pid 6960:tid 808] (20024)The given path is misformatted or contained invalid characters: [client 127.0.0.1:56376] AH00127: Cannot map GET /wordpress/wp-admin/%EF%BF%BD4%EF%BF%BD%02?o=3&g=&s=&z=%EF%BF%BD%EF%BF%BD%EF%BF%BD%EF%BF%BD%EF%BF%BD%EF%BF%BD%EF%BF%BD%EF%BF%BD/%EF%BF%BD%EF%BF%BD? HTTP/1.1 to file, referer: http://localhost/wordpress/wp-admin/plugin-install.php?tab=search&s=qzzr
[Wed Jan 07 23:35:01.241390 2015] [core:error] [pid 6960:tid 808] (20024)The given path is misformatted or contained invalid characters: [client 127.0.0.1:56376] AH00127: Cannot map GET /wordpress/wp-admin/%EF%BF%BD4%EF%BF%BD%02?o=3&g=&s=&z=%EF%BF%BD%EF%BF%BD%EF%BF%BD%EF%BF%BD%EF%BF%BD%EF%BF%BD%EF%BF%BD%EF%BF%BD/%EF%BF%BD%EF%BF%BD? HTTP/1.1 to file, referer: http://localhost/wordpress/wp-admin/update.php?action=install-plugin&plugin=qzzr-shortcode&_wpnonce=439b38e320
[Wed Jan 07 23:35:37.457462 2015] [core:error] [pid 6960:tid 800] (20024)The given path is misformatted or contained invalid characters: [client 127.0.0.1:56387] AH00127: Cannot map GET /wordpress/wp-admin/%EF%BF%BD3%EF%BF%BD%02?o=3&g=&s=&z=%EF%BF%BD%EF%BF%BD%EF%BF%BD%EF%BF%BD%EF%BF%BD%EF%BF%BD%EF%BF%BD%EF%BF%BD/%EF%BF%BD%EF%BF%BD? HTTP/1.1 to file, referer: http://localhost/wordpress/wp-admin/plugins.php?activate=true&plugin_status=all&paged=1&s=
[Wed Jan 07 23:35:43.107785 2015] [core:error] [pid 6960:tid 800] (20024)The given path is misformatted or contained invalid characters: [client 127.0.0.1:56387] AH00127: Cannot map GET /wordpress/wp-admin/%EF%BF%BD3%EF%BF%BD%02?o=3&g=&s=&z=%EF%BF%BD%EF%BF%BD%EF%BF%BD%EF%BF%BD%EF%BF%BD%EF%BF%BD%EF%BF%BD%EF%BF%BD/%EF%BF%BD%EF%BF%BD? HTTP/1.1 to file, referer: http://localhost/wordpress/wp-admin/post.php?post=1&action=edit&message=1
[Wed Jan 07 23:35:45.050896 2015] [core:error] [pid 6960:tid 800] (20024)The given path is misformatted or contained invalid characters: [client 127.0.0.1:56387] AH00127: Cannot map GET /wordpress/%EF%BF%BD3%EF%BF%BD%02?o=3&g=&s=&z=%EF%BF%BD%EF%BF%BD%EF%BF%BD%EF%BF%BD%EF%BF%BD%EF%BF%BD%EF%BF%BD%EF%BF%BD/%EF%BF%BD%EF%BF%BD? HTTP/1.1 to file, referer: http://localhost/wordpress/?p=1&preview=true&preview_id=1&preview_nonce=a8785eb310&post_format=standard
[Wed Jan 07 23:39:12.312751 2015] [core:error] [pid 6960:tid 776] (20024)The given path is misformatted or contained invalid characters: [client 127.0.0.1:56474] AH00127: Cannot map GET /wordpress/%EF%BF%BD%1C%EF%BF%BD%02?o=3&g=&s=&z=%EF%BF%BD%EF%BF%BD%EF%BF%BD%EF%BF%BD%EF%BF%BD%EF%BF%BD%EF%BF%BD%EF%BF%BD/%EF%BF%BD%EF%BF%BD? HTTP/1.1 to file, referer: http://localhost/wordpress/?p=1&preview=true&preview_id=1&preview_nonce=a8785eb310&post_format=standard
[Wed Jan 07 23:40:13.199233 2015] [core:error] [pid 6960:tid 776] (20024)The given path is misformatted or contained invalid characters: [client 127.0.0.1:56538] AH00127: Cannot map GET /wordpress/wp-admin/%60A%EF%BF%BD%02?o=3&g=&s=&z=%EF%BF%BD%EF%BF%BD%EF%BF%BD%EF%BF%BD%EF%BF%BD%EF%BF%BD%EF%BF%BD%EF%BF%BD/%EF%BF%BD%EF%BF%BD? HTTP/1.1 to file, referer: http://localhost/wordpress/wp-admin/post.php?post=1&action=edit&message=1
[Wed Jan 07 23:40:15.046339 2015] [core:error] [pid 6960:tid 776] (20024)The given path is misformatted or contained invalid characters: [client 127.0.0.1:56538] AH00127: Cannot map GET /wordpress/wp-admin/%60A%EF%BF%BD%02?o=3&g=&s=&z=%EF%BF%BD%EF%BF%BD%EF%BF%BD%EF%BF%BD%EF%BF%BD%EF%BF%BD%EF%BF%BD%EF%BF%BD/%EF%BF%BD%EF%BF%BD? HTTP/1.1 to file, referer: http://localhost/wordpress/wp-admin/edit.php
[Wed Jan 07 23:41:07.461337 2015] [core:error] [pid 6960:tid 776] (20024)The given path is misformatted or contained invalid characters: [client 127.0.0.1:56606] AH00127: Cannot map GET /wordpress/05%EF%BF%BD%02?o=3&g=&s=&z=%EF%BF%BD%EF%BF%BD%EF%BF%BD%EF%BF%BD%EF%BF%BD%EF%BF%BD%EF%BF%BD%EF%BF%BD/%EF%BF%BD%EF%BF%BD? HTTP/1.1 to file, referer: http://localhost/wordpress/
[Wed Jan 07 23:41:09.955479 2015] [core:error] [pid 6960:tid 776] (20024)The given path is misformatted or contained invalid characters: [client 127.0.0.1:56606] AH00127: Cannot map GET /wordpress/05%EF%BF%BD%02?o=3&g=&s=&z=%EF%BF%BD%EF%BF%BD%EF%BF%BD%EF%BF%BD%EF%BF%BD%EF%BF%BD%EF%BF%BD%EF%BF%BD/%EF%BF%BD%EF%BF%BD? HTTP/1.1 to file, referer: http://localhost/wordpress/?p=1
[Wed Jan 07 23:41:33.210810 2015] [core:error] [pid 6960:tid 776] (20024)The given path is misformatted or contained invalid characters: [client 127.0.0.1:56657] AH00127: Cannot map GET /wordpress/%EF%BF%BDA%EF%BF%BD%02?o=3&g=&s=&z=%EF%BF%BD%EF%BF%BD%EF%BF%BD%EF%BF%BD%EF%BF%BD%EF%BF%BD%EF%BF%BD%EF%BF%BD/%EF%BF%BD%EF%BF%BD? HTTP/1.1 to file, referer: http://localhost/wordpress/?p=1
[Wed Jan 07 23:41:44.583460 2015] [core:error] [pid 6960:tid 808] (20024)The given path is misformatted or contained invalid characters: [client 127.0.0.1:56691] AH00127: Cannot map GET /wordpress/%EF%BF%BD$%EF%BF%BD%02?o=3&g=&s=&z=%EF%BF%BD%EF%BF%BD%EF%BF%BD%EF%BF%BD%EF%BF%BD%EF%BF%BD%EF%BF%BD%EF%BF%BD/%EF%BF%BD%EF%BF%BD? HTTP/1.1 to file, referer: http://localhost/wordpress/
[Wed Jan 07 23:41:46.473568 2015] [core:error] [pid 6960:tid 808] (20024)The given path is misformatted or contained invalid characters: [client 127.0.0.1:56691] AH00127: Cannot map GET /wordpress/%EF%BF%BD$%EF%BF%BD%02?o=3&g=&s=&z=%EF%BF%BD%EF%BF%BD%EF%BF%BD%EF%BF%BD%EF%BF%BD%EF%BF%BD%EF%BF%BD%EF%BF%BD/%EF%BF%BD%EF%BF%BD? HTTP/1.1 to file, referer: http://localhost/wordpress/
[Wed Jan 07 23:41:51.874877 2015] [core:error] [pid 6960:tid 808] (20024)The given path is misformatted or contained invalid characters: [client 127.0.0.1:56691] AH00127: Cannot map GET /wordpress/%EF%BF%BD$%EF%BF%BD%02?o=3&g=&s=&z=%EF%BF%BD%EF%BF%BD%EF%BF%BD%EF%BF%BD%EF%BF%BD%EF%BF%BD%EF%BF%BD%EF%BF%BD/%EF%BF%BD%EF%BF%BD? HTTP/1.1 to file, referer: http://localhost/wordpress/?p=15
[Wed Jan 07 23:42:07.796788 2015] [core:error] [pid 6960:tid 776] (20024)The given path is misformatted or contained invalid characters: [client 127.0.0.1:56727] AH00127: Cannot map GET /wordpress/%EF%BF%BD%1F%EF%BF%BD%02?o=3&g=&s=&z=%EF%BF%BD%EF%BF%BD%EF%BF%BD%EF%BF%BD%EF%BF%BD%EF%BF%BD%EF%BF%BD%EF%BF%BD/%EF%BF%BD%EF%BF%BD? HTTP/1.1 to file, referer: http://localhost/wordpress/?p=1
[Wed Jan 07 23:42:24.739757 2015] [core:error] [pid 6960:tid 776] (20024)The given path is misformatted or contained invalid characters: [client 127.0.0.1:56745] AH00127: Cannot map GET /wordpress/wp-admin/%EF%BF%BD@%EF%BF%BD%02?o=3&g=&s=&z=%EF%BF%BD%EF%BF%BD%EF%BF%BD%EF%BF%BD%EF%BF%BD%EF%BF%BD%EF%BF%BD%EF%BF%BD/%EF%BF%BD%EF%BF%BD? HTTP/1.1 to file, referer: http://localhost/wordpress/wp-admin/post.php?post=1&action=edit
[Wed Jan 07 23:42:41.416711 2015] [core:error] [pid 6960:tid 776] (20024)The given path is misformatted or contained invalid characters: [client 127.0.0.1:56750] AH00127: Cannot map GET /wordpress/%EF%BF%BDB%EF%BF%BD%02?o=3&g=&s=&z=%EF%BF%BD%EF%BF%BD%EF%BF%BD%EF%BF%BD%EF%BF%BD%EF%BF%BD%EF%BF%BD%EF%BF%BD/%EF%BF%BD%EF%BF%BD? HTTP/1.1 to file, referer: http://localhost/wordpress/?p=1&preview=true&preview_id=1&preview_nonce=a8785eb310&post_format=standard
[Wed Jan 07 23:43:17.079750 2015] [core:error] [pid 6960:tid 776] (20024)The given path is misformatted or contained invalid characters: [client 127.0.0.1:56775] AH00127: Cannot map GET /wordpress/wp-admin/@4%EF%BF%BD%02?o=3&g=&s=&z=%EF%BF%BD%EF%BF%BD%EF%BF%BD%EF%BF%BD%EF%BF%BD%EF%BF%BD%EF%BF%BD%EF%BF%BD/%EF%BF%BD%EF%BF%BD? HTTP/1.1 to file, referer: http://localhost/wordpress/wp-admin/
[Wed Jan 07 23:43:19.140868 2015] [core:error] [pid 6960:tid 776] (20024)The given path is misformatted or contained invalid characters: [client 127.0.0.1:56775] AH00127: Cannot map GET /wordpress/@4%EF%BF%BD%02?o=3&g=&s=&z=%EF%BF%BD%EF%BF%BD%EF%BF%BD%EF%BF%BD%EF%BF%BD%EF%BF%BD%EF%BF%BD%EF%BF%BD/%EF%BF%BD%EF%BF%BD? HTTP/1.1 to file, referer: http://localhost/wordpress/
[Wed Jan 07 23:50:45.502399 2015] [core:error] [pid 6960:tid 776] (20025)The given path contained wildcard characters: [client 127.0.0.1:57061] AH00036: access to /wordpress/wp-admin/\xef\xbf\xbd*\xef\xbf\xbd\x02 failed (filesystem path 'C:/wamp/www/wordpress/wp-admin/\xef\xbf\xbd*\xef\xbf\xbd\x02'), referer: http://localhost/wordpress/wp-admin/index.php
[Wed Jan 07 23:50:50.479683 2015] [core:error] [pid 6960:tid 776] (20025)The given path contained wildcard characters: [client 127.0.0.1:57061] AH00036: access to /wordpress/wp-admin/\xef\xbf\xbd*\xef\xbf\xbd\x02 failed (filesystem path 'C:/wamp/www/wordpress/wp-admin/\xef\xbf\xbd*\xef\xbf\xbd\x02'), referer: http://localhost/wordpress/wp-admin/edit.php
[Wed Jan 07 23:50:53.340847 2015] [core:error] [pid 6960:tid 776] (20025)The given path contained wildcard characters: [client 127.0.0.1:57061] AH00036: access to /wordpress/\xef\xbf\xbd*\xef\xbf\xbd\x02 failed (filesystem path 'C:/wamp/www/wordpress/\xef\xbf\xbd*\xef\xbf\xbd\x02'), referer: http://localhost/wordpress/?p=1
[Wed Jan 07 23:53:58.154418 2015] [core:error] [pid 6960:tid 800] (20024)The given path is misformatted or contained invalid characters: [client 127.0.0.1:57173] AH00127: Cannot map GET /wordpress/%EF%BF%BD+%EF%BF%BD%02?o=3&g=&s=&z=%EF%BF%BD%EF%BF%BD%EF%BF%BD%EF%BF%BD%EF%BF%BD%EF%BF%BD%EF%BF%BD%EF%BF%BD/%EF%BF%BD%EF%BF%BD? HTTP/1.1 to file, referer: http://localhost/wordpress/
[Wed Jan 07 23:54:27.628104 2015] [core:error] [pid 6960:tid 808] (20024)The given path is misformatted or contained invalid characters: [client 127.0.0.1:57216] AH00127: Cannot map GET /wordpress/%EF%BF%BD3%EF%BF%BD%02?o=3&g=&s=&z=%EF%BF%BD%EF%BF%BD%EF%BF%BD%EF%BF%BD%EF%BF%BD%EF%BF%BD%EF%BF%BD%EF%BF%BD/%EF%BF%BD%EF%BF%BD? HTTP/1.1 to file, referer: http://localhost/wordpress/
[Wed Jan 07 23:54:30.334258 2015] [core:error] [pid 6960:tid 808] (20024)The given path is misformatted or contained invalid characters: [client 127.0.0.1:57216] AH00127: Cannot map GET /wordpress/%EF%BF%BD3%EF%BF%BD%02?o=3&g=&s=&z=%EF%BF%BD%EF%BF%BD%EF%BF%BD%EF%BF%BD%EF%BF%BD%EF%BF%BD%EF%BF%BD%EF%BF%BD/%EF%BF%BD%EF%BF%BD? HTTP/1.1 to file, referer: http://localhost/wordpress/?page_id=2
[Wed Jan 07 23:54:35.127533 2015] [core:error] [pid 6960:tid 808] (20024)The given path is misformatted or contained invalid characters: [client 127.0.0.1:57216] AH00127: Cannot map GET /wordpress/%EF%BF%BD3%EF%BF%BD%02?o=3&g=&s=&z=%EF%BF%BD%EF%BF%BD%EF%BF%BD%EF%BF%BD%EF%BF%BD%EF%BF%BD%EF%BF%BD%EF%BF%BD/%EF%BF%BD%EF%BF%BD? HTTP/1.1 to file, referer: http://localhost/wordpress/?page_id=2
[Wed Jan 07 23:54:38.331716 2015] [core:error] [pid 6960:tid 808] (20024)The given path is misformatted or contained invalid characters: [client 127.0.0.1:57216] AH00127: Cannot map GET /wordpress/wp-admin/%EF%BF%BD3%EF%BF%BD%02?o=3&g=&s=&z=%EF%BF%BD%EF%BF%BD%EF%BF%BD%EF%BF%BD%EF%BF%BD%EF%BF%BD%EF%BF%BD%EF%BF%BD/%EF%BF%BD%EF%BF%BD? HTTP/1.1 to file, referer: http://localhost/wordpress/wp-admin/post.php?post=2&action=edit
[Wed Jan 07 23:54:46.263170 2015] [core:error] [pid 6960:tid 816] (20024)The given path is misformatted or contained invalid characters: [client 127.0.0.1:57235] AH00127: Cannot map GET /wordpress/wp-admin/%EF%BF%BD9%EF%BF%BD%02?o=3&g=&s=&z=%EF%BF%BD%EF%BF%BD%EF%BF%BD%EF%BF%BD%EF%BF%BD%EF%BF%BD%EF%BF%BD%EF%BF%BD/%EF%BF%BD%EF%BF%BD? HTTP/1.1 to file, referer: http://localhost/wordpress/wp-admin/nav-menus.php?action=edit&menu=0
[Wed Jan 07 23:54:53.333574 2015] [core:error] [pid 6960:tid 808] (20024)The given path is misformatted or contained invalid characters: [client 127.0.0.1:57240] AH00127: Cannot map GET /wordpress/wp-admin/B%EF%BF%BD%02?o=3&g=&s=&z=%EF%BF%BD%EF%BF%BD%EF%BF%BD%EF%BF%BD%EF%BF%BD%EF%BF%BD%EF%BF%BD%EF%BF%BD/%EF%BF%BD%EF%BF%BD? HTTP/1.1 to file, referer: http://localhost/wordpress/wp-admin/edit-comments.php
[Wed Jan 07 23:55:00.123962 2015] [core:error] [pid 6960:tid 792] (20024)The given path is misformatted or contained invalid characters: [client 127.0.0.1:57244] AH00127: Cannot map GET /wordpress/wp-admin/%EF%BF%BD9%EF%BF%BD%02?o=3&g=&s=&z=%EF%BF%BD%EF%BF%BD%EF%BF%BD%EF%BF%BD%EF%BF%BD%EF%BF%BD%EF%BF%BD%EF%BF%BD/%EF%BF%BD%EF%BF%BD? HTTP/1.1 to file, referer: http://localhost/wordpress/wp-admin/customize.php?return=%2Fwordpress%2Fwp-admin%2Fedit-comments.php
[Wed Jan 07 23:55:01.002013 2015] [core:error] [pid 6960:tid 792] (20024)The given path is misformatted or contained invalid characters: [client 127.0.0.1:57244] AH00127: Cannot map GET /wordpress/wp-admin/%EF%BF%BD9%EF%BF%BD%02?o=3&g=&s=&z=%EF%BF%BD%EF%BF%BD%EF%BF%BD%EF%BF%BD%EF%BF%BD%EF%BF%BD%EF%BF%BD%EF%BF%BD/%EF%BF%BD%EF%BF%BD? HTTP/1.1 to file, referer: http://localhost/wordpress/wp-admin/customize.php?return=%2Fwordpress%2Fwp-admin%2Fedit-comments.php
[Wed Jan 07 23:55:25.789430 2015] [core:error] [pid 6960:tid 792] (20024)The given path is misformatted or contained invalid characters: [client 127.0.0.1:57258] AH00127: Cannot map GET /wordpress/wp-admin/p7%EF%BF%BD%02?o=3&g=&s=&z=%EF%BF%BD%EF%BF%BD%EF%BF%BD%EF%BF%BD%EF%BF%BD%EF%BF%BD%EF%BF%BD%EF%BF%BD/%EF%BF%BD%EF%BF%BD? HTTP/1.1 to file, referer: http://localhost/wordpress/wp-admin/customize.php?return=%2Fwordpress%2Fwp-admin%2Fedit-comments.php
[Wed Jan 07 23:55:26.655480 2015] [core:error] [pid 6960:tid 808] (20024)The given path is misformatted or contained invalid characters: [client 127.0.0.1:57261] AH00127: Cannot map GET /wordpress/wp-admin/0;%EF%BF%BD%02?o=3&g=&s=&z=%EF%BF%BD%EF%BF%BD%EF%BF%BD%EF%BF%BD%EF%BF%BD%EF%BF%BD%EF%BF%BD%EF%BF%BD/%EF%BF%BD%EF%BF%BD? HTTP/1.1 to file, referer: http://localhost/wordpress/wp-admin/customize.php?return=%2Fwordpress%2Fwp-admin%2Fedit-comments.php
[Wed Jan 07 23:55:36.379036 2015] [core:error] [pid 6960:tid 808] (20024)The given path is misformatted or contained invalid characters: [client 127.0.0.1:57261] AH00127: Cannot map GET /wordpress/wp-admin/0;%EF%BF%BD%02?o=3&g=&s=&z=%EF%BF%BD%EF%BF%BD%EF%BF%BD%EF%BF%BD%EF%BF%BD%EF%BF%BD%EF%BF%BD%EF%BF%BD/%EF%BF%BD%EF%BF%BD? HTTP/1.1 to file, referer: http://localhost/wordpress/wp-admin/customize.php?return=%2Fwordpress%2Fwp-admin%2Fedit-comments.php
[Wed Jan 07 23:55:39.259201 2015] [core:error] [pid 6960:tid 808] (20024)The given path is misformatted or contained invalid characters: [client 127.0.0.1:57261] AH00127: Cannot map GET /wordpress/wp-admin/0;%EF%BF%BD%02?o=3&g=&s=&z=%EF%BF%BD%EF%BF%BD%EF%BF%BD%EF%BF%BD%EF%BF%BD%EF%BF%BD%EF%BF%BD%EF%BF%BD/%EF%BF%BD%EF%BF%BD? HTTP/1.1 to file, referer: http://localhost/wordpress/wp-admin/customize.php?return=%2Fwordpress%2Fwp-admin%2Fedit-comments.php
[Wed Jan 07 23:55:52.764973 2015] [core:error] [pid 6960:tid 808] (20024)The given path is misformatted or contained invalid characters: [client 127.0.0.1:57285] AH00127: Cannot map GET /wordpress/wp-admin/0;%EF%BF%BD%02?o=3&g=&s=&z=%EF%BF%BD%EF%BF%BD%EF%BF%BD%EF%BF%BD%EF%BF%BD%EF%BF%BD%EF%BF%BD%EF%BF%BD/%EF%BF%BD%EF%BF%BD? HTTP/1.1 to file, referer: http://localhost/wordpress/wp-admin/edit-comments.php
[Wed Jan 07 23:55:56.270174 2015] [core:error] [pid 6960:tid 808] (20024)The given path is misformatted or contained invalid characters: [client 127.0.0.1:57285] AH00127: Cannot map GET /wordpress/wp-admin/0;%EF%BF%BD%02?o=3&g=&s=&z=%EF%BF%BD%EF%BF%BD%EF%BF%BD%EF%BF%BD%EF%BF%BD%EF%BF%BD%EF%BF%BD%EF%BF%BD/%EF%BF%BD%EF%BF%BD? HTTP/1.1 to file, referer: http://localhost/wordpress/wp-admin/edit.php?post_type=page
[Wed Jan 07 23:56:02.714542 2015] [core:error] [pid 6960:tid 808] (20024)The given path is misformatted or contained invalid characters: [client 127.0.0.1:57292] AH00127: Cannot map GET /wordpress/wp-admin/PB%EF%BF%BD%02?o=3&g=&s=&z=%EF%BF%BD%EF%BF%BD%EF%BF%BD%EF%BF%BD%EF%BF%BD%EF%BF%BD%EF%BF%BD%EF%BF%BD/%EF%BF%BD%EF%BF%BD? HTTP/1.1 to file, referer: http://localhost/wordpress/wp-admin/post-new.php?post_type=page
[Wed Jan 07 23:56:15.650282 2015] [core:error] [pid 6960:tid 792] (20024)The given path is misformatted or contained invalid characters: [client 127.0.0.1:57297] AH00127: Cannot map GET /wordpress/9%EF%BF%BD%02?o=3&g=&s=&z=%EF%BF%BD%EF%BF%BD%EF%BF%BD%EF%BF%BD%EF%BF%BD%EF%BF%BD%EF%BF%BD%EF%BF%BD/%EF%BF%BD%EF%BF%BD? HTTP/1.1 to file, referer: http://localhost/wordpress/?page_id=57&preview=true
[Wed Jan 07 23:56:34.223344 2015] [core:error] [pid 6960:tid 800] (20024)The given path is misformatted or contained invalid characters: [client 127.0.0.1:57304] AH00127: Cannot map GET /wordpress/wp-admin/%EF%BF%BD7%EF%BF%BD%02?o=3&g=&s=&z=%EF%BF%BD%EF%BF%BD%EF%BF%BD%EF%BF%BD%EF%BF%BD%EF%BF%BD%EF%BF%BD%EF%BF%BD/%EF%BF%BD%EF%BF%BD? HTTP/1.1 to file, referer: http://localhost/wordpress/wp-admin/post.php?post=57&action=edit&message=10
[Wed Jan 07 23:56:36.797492 2015] [core:error] [pid 6960:tid 800] (20024)The given path is misformatted or contained invalid characters: [client 127.0.0.1:57304] AH00127: Cannot map GET /wordpress/wp-admin/%EF%BF%BD7%EF%BF%BD%02?o=3&g=&s=&z=%EF%BF%BD%EF%BF%BD%EF%BF%BD%EF%BF%BD%EF%BF%BD%EF%BF%BD%EF%BF%BD%EF%BF%BD/%EF%BF%BD%EF%BF%BD? HTTP/1.1 to file, referer: http://localhost/wordpress/wp-admin/edit.php?post_type=page
[Wed Jan 07 23:56:39.284634 2015] [core:error] [pid 6960:tid 800] (20024)The given path is misformatted or contained invalid characters: [client 127.0.0.1:57304] AH00127: Cannot map GET /wordpress/wp-admin/%EF%BF%BD7%EF%BF%BD%02?o=3&g=&s=&z=%EF%BF%BD%EF%BF%BD%EF%BF%BD%EF%BF%BD%EF%BF%BD%EF%BF%BD%EF%BF%BD%EF%BF%BD/%EF%BF%BD%EF%BF%BD? HTTP/1.1 to file, referer: http://localhost/wordpress/wp-admin/post.php?post=2&action=edit
[Wed Jan 07 23:56:46.501047 2015] [core:error] [pid 6960:tid 800] (20024)The given path is misformatted or contained invalid characters: [client 127.0.0.1:57312] AH00127: Cannot map GET /wordpress/%EF%BF%BD@%EF%BF%BD%02?o=3&g=&s=&z=%EF%BF%BD%EF%BF%BD%EF%BF%BD%EF%BF%BD%EF%BF%BD%EF%BF%BD%EF%BF%BD%EF%BF%BD/%EF%BF%BD%EF%BF%BD? HTTP/1.1 to file, referer: http://localhost/wordpress/?page_id=2&preview=true&preview_id=2&preview_nonce=44e82f8316
[Wed Jan 07 23:56:50.537278 2015] [core:error] [pid 6960:tid 800] (20024)The given path is misformatted or contained invalid characters: [client 127.0.0.1:57312] AH00127: Cannot map GET /wordpress/%EF%BF%BD@%EF%BF%BD%02?o=3&g=&s=&z=%EF%BF%BD%EF%BF%BD%EF%BF%BD%EF%BF%BD%EF%BF%BD%EF%BF%BD%EF%BF%BD%EF%BF%BD/%EF%BF%BD%EF%BF%BD? HTTP/1.1 to file, referer: http://localhost/wordpress/?page_id=2
[Wed Jan 07 23:56:56.145598 2015] [core:error] [pid 6960:tid 800] (20024)The given path is misformatted or contained invalid characters: [client 127.0.0.1:57312] AH00127: Cannot map GET /wordpress/%EF%BF%BD@%EF%BF%BD%02?o=3&g=&s=&z=%EF%BF%BD%EF%BF%BD%EF%BF%BD%EF%BF%BD%EF%BF%BD%EF%BF%BD%EF%BF%BD%EF%BF%BD/%EF%BF%BD%EF%BF%BD? HTTP/1.1 to file, referer: http://localhost/wordpress/
[Wed Jan 07 23:57:06.236176 2015] [core:error] [pid 6960:tid 800] (20024)The given path is misformatted or contained invalid characters: [client 127.0.0.1:57330] AH00127: Cannot map GET /wordpress/%EF%BF%BD@%EF%BF%BD%02?o=3&g=&s=&z=%EF%BF%BD%EF%BF%BD%EF%BF%BD%EF%BF%BD%EF%BF%BD%EF%BF%BD%EF%BF%BD%EF%BF%BD/%EF%BF%BD%EF%BF%BD? HTTP/1.1 to file, referer: http://localhost/wordpress/?p=1
[Wed Jan 07 23:58:38.963479 2015] [core:error] [pid 6960:tid 800] (20024)The given path is misformatted or contained invalid characters: [client 127.0.0.1:57346] AH00127: Cannot map GET /wordpress/wp-admin/%EF%BF%BD$%EF%BF%BD%02?o=3&g=&s=&z=%EF%BF%BD%EF%BF%BD%EF%BF%BD%EF%BF%BD%EF%BF%BD%EF%BF%BD%EF%BF%BD%EF%BF%BD/%EF%BF%BD%EF%BF%BD? HTTP/1.1 to file, referer: http://localhost/wordpress/wp-admin/edit.php
[Wed Jan 07 23:58:42.058656 2015] [core:error] [pid 6960:tid 800] (20024)The given path is misformatted or contained invalid characters: [client 127.0.0.1:57346] AH00127: Cannot map GET /wordpress/wp-admin/%EF%BF%BD$%EF%BF%BD%02?o=3&g=&s=&z=%EF%BF%BD%EF%BF%BD%EF%BF%BD%EF%BF%BD%EF%BF%BD%EF%BF%BD%EF%BF%BD%EF%BF%BD/%EF%BF%BD%EF%BF%BD? HTTP/1.1 to file, referer: http://localhost/wordpress/wp-admin/post.php?post=1&action=edit
[Thu Jan 08 00:01:38.184730 2015] [core:error] [pid 6960:tid 800] (20024)The given path is misformatted or contained invalid characters: [client 127.0.0.1:57366] AH00127: Cannot map GET /wordpress/wp-admin/@@%EF%BF%BD%02?o=3&g=&s=&z=%EF%BF%BD%EF%BF%BD%EF%BF%BD%EF%BF%BD%EF%BF%BD%EF%BF%BD%EF%BF%BD%EF%BF%BD/%EF%BF%BD%EF%BF%BD? HTTP/1.1 to file, referer: http://localhost/wordpress/wp-admin/post.php?post=1&action=edit&message=1
[Thu Jan 08 00:05:41.539649 2015] [core:error] [pid 6960:tid 792] (20024)The given path is misformatted or contained invalid characters: [client 127.0.0.1:57525] AH00127: Cannot map GET /wordpress/%EF%BF%BD&%EF%BF%BD%02?o=3&g=&s=&z=%EF%BF%BD%EF%BF%BD%EF%BF%BD%EF%BF%BD%EF%BF%BD%EF%BF%BD%EF%BF%BD%EF%BF%BD/%EF%BF%BD%EF%BF%BD? HTTP/1.1 to file, referer: http://localhost/wordpress/?p=1&preview=true&preview_id=1&preview_nonce=a8785eb310&post_format=standard
[Thu Jan 08 00:06:16.249634 2015] [core:error] [pid 6960:tid 776] (20024)The given path is misformatted or contained invalid characters: [client 127.0.0.1:57578] AH00127: Cannot map GET /wordpress/wp-admin/%EF%BF%BD$%EF%BF%BD%02?o=3&g=&s=&z=%EF%BF%BD%EF%BF%BD%EF%BF%BD%EF%BF%BD%EF%BF%BD%EF%BF%BD%EF%BF%BD%EF%BF%BD/%EF%BF%BD%EF%BF%BD? HTTP/1.1 to file, referer: http://localhost/wordpress/wp-admin/post.php?post=1&action=edit&message=1
[Thu Jan 08 00:17:58.487912 2015] [mpm_winnt:notice] [pid 4640:tid 384] AH00422: Parent: Received shutdown signal -- Shutting down the server.
[Thu Jan 08 00:18:00.515915 2015] [mpm_winnt:notice] [pid 6960:tid 300] AH00364: Child: All worker threads have exited.
[Thu Jan 08 00:18:00.531515 2015] [mpm_winnt:notice] [pid 4640:tid 384] AH00430: Parent: Child process 6960 exited successfully.
